// Jest Snapshot v1, https://goo.gl/fbAQLP

exports[`测试 generateConfig 函数 1`] = `
Object {
  "port": 8080,
  "server": "http://localhost",
  "time": 2020-07-15T08:17:41.803Z,
}
`;
